# A mock config
foo: bar
# Other mock config
baz: qux
